// Jest Snapshot v1, https://goo.gl/fbAQLP

exports[`CreateEvent renders correctly 1`] = `
<DocumentFragment>
  <div
    class="background"
  >
    <div
      class="create-event__title--white"
    >
      Create Event
    </div>
  </div>
</DocumentFragment>
`;
